[22:44:53.604] [INFO] storybook v10.5.5
[22:44:54.771] [DEBUG] Getting package.json info for /Users/gobobin/projects/fireballing/packages/ui/package.json...
[22:44:54.772] [WARN] You are currently using Storybook 10.5.5 but you have packages which are incompatible with it:

- @storybook/react-native@10.6.0 which depends on ^10.6.0
 Repo: https://storybook.js.org/

Please consider updating your packages or contacting the maintainers for compatibility details.

For more details on compatibility guidance, see:
https://github.com/storybookjs/storybook/issues/32836
[22:44:55.116] [INFO] Starting...
[22:44:55.129] [DEBUG] readDependencyManifest: could not resolve "@fblg/eslint-config"
[22:44:55.178] [DEBUG] Starting preview..
[22:44:55.237] [ERROR] Failed to build the preview
[22:44:55.237] [ERROR] Error [ERR_MODULE_NOT_FOUND]: Cannot find package 'vite' imported from ./node_modules/.vite-temp/vite.config.ts.timestamp-1789652695235-1b4b606a9758a8.mjs
Did you mean to import "vite/dist/node/index.js"?
    at Object.getPackageJSONURL (node:internal/modules/package_json_reader:301:9)
    at packageResolve (node:internal/modules/esm/resolve:768:81)
    at moduleResolve (node:internal/modules/esm/resolve:859:18)
    at defaultResolve (node:internal/modules/esm/resolve:992:11)
    at nextResolve (node:internal/modules/esm/hooks:785:28)
    at AsyncLoaderHooksOnLoaderHookWorker.resolve (node:internal/modules/esm/hooks:269:30)
    at MessagePort.handleMessage (node:internal/modules/esm/worker:251:24)
    at [nodejs.internal.kHybridDispatch] (node:internal/event_target:843:20)
    at MessagePort.<anonymous> (node:internal/per_context/messageport:23:28)
[22:44:55.238] [WARN] Broken build, fix the error above.
You may need to refresh the browser.